01:12:52 **** Clean-only build of configuration Debug for project Freerad ****
make -j4 clean 
rm -rf  Freerad.siz  ./utilities/fsl_debug_console.o ./utilities/fsl_notifier.o ./utilities/fsl_sbrk.o  ./startup/startup_MK64F12.o ./startup/system_MK64F12.o  ./source/App_CallbackFunctions.o ./source/App_Globals.o ./source/App_Tasks.o ./source/main.o  ./freertos/Source/portable/MemMang/heap_4.o  ./freertos/Source/portable/GCC/ARM_CM4F/port.o  ./freertos/Source/croutine.o ./freertos/Source/event_groups.o ./freertos/Source/list.o ./freertos/Source/queue.o ./freertos/Source/tasks.o ./freertos/Source/timers.o  ./drivers/fsl_adc16.o ./drivers/fsl_clock.o ./drivers/fsl_cmp.o ./drivers/fsl_cmt.o ./drivers/fsl_common.o ./drivers/fsl_crc.o ./drivers/fsl_dac.o ./drivers/fsl_dmamux.o ./drivers/fsl_dspi.o ./drivers/fsl_dspi_edma.o ./drivers/fsl_dspi_freertos.o ./drivers/fsl_edma.o ./drivers/fsl_enet.o ./drivers/fsl_ewm.o ./drivers/fsl_flash.o ./drivers/fsl_flexbus.o ./drivers/fsl_flexcan.o ./drivers/fsl_ftm.o ./drivers/fsl_gpio.o ./drivers/fsl_i2c.o ./drivers/fsl_i2c_edma.o ./drivers/fsl_i2c_freertos.o ./drivers/fsl_llwu.o ./drivers/fsl_lptmr.o ./drivers/fsl_mpu.o ./drivers/fsl_pdb.o ./drivers/fsl_pit.o ./drivers/fsl_pmc.o ./drivers/fsl_rcm.o ./drivers/fsl_rnga.o ./drivers/fsl_rtc.o ./drivers/fsl_sai.o ./drivers/fsl_sai_edma.o ./drivers/fsl_sdhc.o ./drivers/fsl_sim.o ./drivers/fsl_smc.o ./drivers/fsl_uart.o ./drivers/fsl_uart_edma.o ./drivers/fsl_uart_freertos.o ./drivers/fsl_vref.o ./drivers/fsl_wdog.o  ./board/board.o ./board/clock_config.o ./board/pin_mux.o  ./utilities/fsl_debug_console.d ./utilities/fsl_notifier.d ./utilities/fsl_sbrk.d  ./startup/system_MK64F12.d  ./source/App_CallbackFunctions.d ./source/main.d  ./freertos/Source/portable/MemMang/heap_4.d  ./freertos/Source/portable/GCC/ARM_CM4F/port.d  ./freertos/Source/croutine.d ./freertos/Source/event_groups.d ./freertos/Source/list.d ./freertos/Source/queue.d ./freertos/Source/tasks.d ./freertos/Source/timers.d  ./drivers/fsl_adc16.d ./drivers/fsl_clock.d ./drivers/fsl_cmp.d ./drivers/fsl_cmt.d ./drivers/fsl_common.d ./drivers/fsl_crc.d ./drivers/fsl_dac.d ./drivers/fsl_dmamux.d ./drivers/fsl_dspi.d ./drivers/fsl_dspi_edma.d ./drivers/fsl_dspi_freertos.d ./drivers/fsl_edma.d ./drivers/fsl_enet.d ./drivers/fsl_ewm.d ./drivers/fsl_flash.d ./drivers/fsl_flexbus.d ./drivers/fsl_flexcan.d ./drivers/fsl_ftm.d ./drivers/fsl_gpio.d ./drivers/fsl_i2c.d ./drivers/fsl_i2c_edma.d ./drivers/fsl_i2c_freertos.d ./drivers/fsl_llwu.d ./drivers/fsl_lptmr.d ./drivers/fsl_mpu.d ./drivers/fsl_pdb.d ./drivers/fsl_pit.d ./drivers/fsl_pmc.d ./drivers/fsl_rcm.d ./drivers/fsl_rnga.d ./drivers/fsl_rtc.d ./drivers/fsl_sai.d ./drivers/fsl_sai_edma.d ./drivers/fsl_sdhc.d ./drivers/fsl_sim.d ./drivers/fsl_smc.d ./drivers/fsl_uart.d ./drivers/fsl_uart_edma.d ./drivers/fsl_uart_freertos.d ./drivers/fsl_vref.d ./drivers/fsl_wdog.d  ./board/board.d ./board/clock_config.d ./board/pin_mux.d  Freerad.hex  ./source/App_Globals.d ./source/App_Tasks.d  ./startup/startup_MK64F12.d  Freerad.elf
 
01:12:58 **** Build of configuration Debug for project Freerad ****
make -j4 all 
Building file: ../utilities/fsl_debug_console.c
Building file: ../utilities/fsl_sbrk.c
Building file: ../startup/startup_MK64F12.S
Building file: ../utilities/fsl_notifier.c
Invoking: Cross ARM C Compiler
Invoking: Cross ARM C Compiler
arm-none-eabi-gcc -mcpu=cortex-m4 -mthumb -mfloat-abi=hard -mfpu=fpv4-sp-d16 -O0 -fmessage-length=0 -fsigned-char -ffunction-sections -fdata-sections -Wall  -g3 -D"CPU_MK64FN1M0VDC12" -I../CMSIS -I../board -I../drivers -I../freertos/Source/include -I../freertos/Source/portable/GCC/ARM_CM4F -I../source -I../startup -I../utilities -std=gnu99 -MMD -MP -MF"utilities/fsl_debug_console.d" -MT"utilities/fsl_debug_console.o" -c -o "utilities/fsl_debug_console.o" "../utilities/fsl_debug_console.c"
Invoking: Cross ARM GNU Assembler
Invoking: Cross ARM C Compiler
arm-none-eabi-gcc -mcpu=cortex-m4 -mthumb -mfloat-abi=hard -mfpu=fpv4-sp-d16 -O0 -fmessage-length=0 -fsigned-char -ffunction-sections -fdata-sections -Wall  -g3 -D"CPU_MK64FN1M0VDC12" -I../CMSIS -I../board -I../drivers -I../freertos/Source/include -I../freertos/Source/portable/GCC/ARM_CM4F -I../source -I../startup -I../utilities -std=gnu99 -MMD -MP -MF"utilities/fsl_sbrk.d" -MT"utilities/fsl_sbrk.o" -c -o "utilities/fsl_sbrk.o" "../utilities/fsl_sbrk.c"
arm-none-eabi-gcc -mcpu=cortex-m4 -mthumb -mfloat-abi=hard -mfpu=fpv4-sp-d16 -O0 -fmessage-length=0 -fsigned-char -ffunction-sections -fdata-sections -Wall  -g3 -x assembler-with-cpp -MMD -MP -MF"startup/startup_MK64F12.d" -MT"startup/startup_MK64F12.o" -c -o "startup/startup_MK64F12.o" "../startup/startup_MK64F12.S"
arm-none-eabi-gcc -mcpu=cortex-m4 -mthumb -mfloat-abi=hard -mfpu=fpv4-sp-d16 -O0 -fmessage-length=0 -fsigned-char -ffunction-sections -fdata-sections -Wall  -g3 -D"CPU_MK64FN1M0VDC12" -I../CMSIS -I../board -I../drivers -I../freertos/Source/include -I../freertos/Source/portable/GCC/ARM_CM4F -I../source -I../startup -I../utilities -std=gnu99 -MMD -MP -MF"utilities/fsl_notifier.d" -MT"utilities/fsl_notifier.o" -c -o "utilities/fsl_notifier.o" "../utilities/fsl_notifier.c"
Finished building: ../startup/startup_MK64F12.S
 
Building file: ../startup/system_MK64F12.c
Finished building: ../utilities/fsl_sbrk.c
Invoking: Cross ARM C Compiler
arm-none-eabi-gcc -mcpu=cortex-m4 -mthumb -mfloat-abi=hard -mfpu=fpv4-sp-d16 -O0 -fmessage-length=0 -fsigned-char -ffunction-sections -fdata-sections -Wall  -g3 -D"CPU_MK64FN1M0VDC12" -I../CMSIS -I../board -I../drivers -I../freertos/Source/include -I../freertos/Source/portable/GCC/ARM_CM4F -I../source -I../startup -I../utilities -std=gnu99 -MMD -MP -MF"startup/system_MK64F12.d" -MT"startup/system_MK64F12.o" -c -o "startup/system_MK64F12.o" "../startup/system_MK64F12.c"
 
Building file: ../source/App_CallbackFunctions.c
Invoking: Cross ARM C Compiler
arm-none-eabi-gcc -mcpu=cortex-m4 -mthumb -mfloat-abi=hard -mfpu=fpv4-sp-d16 -O0 -fmessage-length=0 -fsigned-char -ffunction-sections -fdata-sections -Wall  -g3 -D"CPU_MK64FN1M0VDC12" -I../CMSIS -I../board -I../drivers -I../freertos/Source/include -I../freertos/Source/portable/GCC/ARM_CM4F -I../source -I../startup -I../utilities -std=gnu99 -MMD -MP -MF"source/App_CallbackFunctions.d" -MT"source/App_CallbackFunctions.o" -c -o "source/App_CallbackFunctions.o" "../source/App_CallbackFunctions.c"
Finished building: ../utilities/fsl_notifier.c
Finished building: ../utilities/fsl_debug_console.c
 
 
Building file: ../source/App_Globals.cpp
Building file: ../source/App_Tasks.cpp
Invoking: Cross ARM C++ Compiler
Invoking: Cross ARM C++ Compiler
arm-none-eabi-g++ -mcpu=cortex-m4 -mthumb -mfloat-abi=hard -mfpu=fpv4-sp-d16 -O0 -fmessage-length=0 -fsigned-char -ffunction-sections -fdata-sections -Wall  -g3 -D"CPU_MK64FN1M0VDC12" -I../CMSIS -I../board -I../drivers -I../freertos/Source/include -I../freertos/Source/portable/GCC/ARM_CM4F -I../source -I../startup -I../utilities -std=gnu++11 -fabi-version=0 -MMD -MP -MF"source/App_Globals.d" -MT"source/App_Globals.o" -c -o "source/App_Globals.o" "../source/App_Globals.cpp"
arm-none-eabi-g++ -mcpu=cortex-m4 -mthumb -mfloat-abi=hard -mfpu=fpv4-sp-d16 -O0 -fmessage-length=0 -fsigned-char -ffunction-sections -fdata-sections -Wall  -g3 -D"CPU_MK64FN1M0VDC12" -I../CMSIS -I../board -I../drivers -I../freertos/Source/include -I../freertos/Source/portable/GCC/ARM_CM4F -I../source -I../startup -I../utilities -std=gnu++11 -fabi-version=0 -MMD -MP -MF"source/App_Tasks.d" -MT"source/App_Tasks.o" -c -o "source/App_Tasks.o" "../source/App_Tasks.cpp"
Finished building: ../startup/system_MK64F12.c
 
Building file: ../source/main.c
Invoking: Cross ARM C Compiler
arm-none-eabi-gcc -mcpu=cortex-m4 -mthumb -mfloat-abi=hard -mfpu=fpv4-sp-d16 -O0 -fmessage-length=0 -fsigned-char -ffunction-sections -fdata-sections -Wall  -g3 -D"CPU_MK64FN1M0VDC12" -I../CMSIS -I../board -I../drivers -I../freertos/Source/include -I../freertos/Source/portable/GCC/ARM_CM4F -I../source -I../startup -I../utilities -std=gnu99 -MMD -MP -MF"source/main.d" -MT"source/main.o" -c -o "source/main.o" "../source/main.c"
Finished building: ../source/App_CallbackFunctions.c
 
Building file: ../freertos/Source/portable/MemMang/heap_4.c
Invoking: Cross ARM C Compiler
arm-none-eabi-gcc -mcpu=cortex-m4 -mthumb -mfloat-abi=hard -mfpu=fpv4-sp-d16 -O0 -fmessage-length=0 -fsigned-char -ffunction-sections -fdata-sections -Wall  -g3 -D"CPU_MK64FN1M0VDC12" -I../CMSIS -I../board -I../drivers -I../freertos/Source/include -I../freertos/Source/portable/GCC/ARM_CM4F -I../source -I../startup -I../utilities -std=gnu99 -MMD -MP -MF"freertos/Source/portable/MemMang/heap_4.d" -MT"freertos/Source/portable/MemMang/heap_4.o" -c -o "freertos/Source/portable/MemMang/heap_4.o" "../freertos/Source/portable/MemMang/heap_4.c"
Finished building: ../source/App_Globals.cpp
 
Building file: ../freertos/Source/portable/GCC/ARM_CM4F/port.c
Invoking: Cross ARM C Compiler
arm-none-eabi-gcc -mcpu=cortex-m4 -mthumb -mfloat-abi=hard -mfpu=fpv4-sp-d16 -O0 -fmessage-length=0 -fsigned-char -ffunction-sections -fdata-sections -Wall  -g3 -D"CPU_MK64FN1M0VDC12" -I../CMSIS -I../board -I../drivers -I../freertos/Source/include -I../freertos/Source/portable/GCC/ARM_CM4F -I../source -I../startup -I../utilities -std=gnu99 -MMD -MP -MF"freertos/Source/portable/GCC/ARM_CM4F/port.d" -MT"freertos/Source/portable/GCC/ARM_CM4F/port.o" -c -o "freertos/Source/portable/GCC/ARM_CM4F/port.o" "../freertos/Source/portable/GCC/ARM_CM4F/port.c"
Finished building: ../source/main.c
 
Building file: ../freertos/Source/croutine.c
Finished building: ../source/App_Tasks.cpp
Invoking: Cross ARM C Compiler
arm-none-eabi-gcc -mcpu=cortex-m4 -mthumb -mfloat-abi=hard -mfpu=fpv4-sp-d16 -O0 -fmessage-length=0 -fsigned-char -ffunction-sections -fdata-sections -Wall  -g3 -D"CPU_MK64FN1M0VDC12" -I../CMSIS -I../board -I../drivers -I../freertos/Source/include -I../freertos/Source/portable/GCC/ARM_CM4F -I../source -I../startup -I../utilities -std=gnu99 -MMD -MP -MF"freertos/Source/croutine.d" -MT"freertos/Source/croutine.o" -c -o "freertos/Source/croutine.o" "../freertos/Source/croutine.c"
 
Building file: ../freertos/Source/event_groups.c
Invoking: Cross ARM C Compiler
arm-none-eabi-gcc -mcpu=cortex-m4 -mthumb -mfloat-abi=hard -mfpu=fpv4-sp-d16 -O0 -fmessage-length=0 -fsigned-char -ffunction-sections -fdata-sections -Wall  -g3 -D"CPU_MK64FN1M0VDC12" -I../CMSIS -I../board -I../drivers -I../freertos/Source/include -I../freertos/Source/portable/GCC/ARM_CM4F -I../source -I../startup -I../utilities -std=gnu99 -MMD -MP -MF"freertos/Source/event_groups.d" -MT"freertos/Source/event_groups.o" -c -o "freertos/Source/event_groups.o" "../freertos/Source/event_groups.c"
Finished building: ../freertos/Source/portable/MemMang/heap_4.c
 
Building file: ../freertos/Source/list.c
Invoking: Cross ARM C Compiler
arm-none-eabi-gcc -mcpu=cortex-m4 -mthumb -mfloat-abi=hard -mfpu=fpv4-sp-d16 -O0 -fmessage-length=0 -fsigned-char -ffunction-sections -fdata-sections -Wall  -g3 -D"CPU_MK64FN1M0VDC12" -I../CMSIS -I../board -I../drivers -I../freertos/Source/include -I../freertos/Source/portable/GCC/ARM_CM4F -I../source -I../startup -I../utilities -std=gnu99 -MMD -MP -MF"freertos/Source/list.d" -MT"freertos/Source/list.o" -c -o "freertos/Source/list.o" "../freertos/Source/list.c"
Finished building: ../freertos/Source/portable/GCC/ARM_CM4F/port.c
 
Finished building: ../freertos/Source/croutine.c
 
Building file: ../freertos/Source/queue.c
Building file: ../freertos/Source/tasks.c
Invoking: Cross ARM C Compiler
arm-none-eabi-gcc -mcpu=cortex-m4 -mthumb -mfloat-abi=hard -mfpu=fpv4-sp-d16 -O0 -fmessage-length=0 -fsigned-char -ffunction-sections -fdata-sections -Wall  -g3 -D"CPU_MK64FN1M0VDC12" -I../CMSIS -I../board -I../drivers -I../freertos/Source/include -I../freertos/Source/portable/GCC/ARM_CM4F -I../source -I../startup -I../utilities -std=gnu99 -MMD -MP -MF"freertos/Source/queue.d" -MT"freertos/Source/queue.o" -c -o "freertos/Source/queue.o" "../freertos/Source/queue.c"
Invoking: Cross ARM C Compiler
arm-none-eabi-gcc -mcpu=cortex-m4 -mthumb -mfloat-abi=hard -mfpu=fpv4-sp-d16 -O0 -fmessage-length=0 -fsigned-char -ffunction-sections -fdata-sections -Wall  -g3 -D"CPU_MK64FN1M0VDC12" -I../CMSIS -I../board -I../drivers -I../freertos/Source/include -I../freertos/Source/portable/GCC/ARM_CM4F -I../source -I../startup -I../utilities -std=gnu99 -MMD -MP -MF"freertos/Source/tasks.d" -MT"freertos/Source/tasks.o" -c -o "freertos/Source/tasks.o" "../freertos/Source/tasks.c"
Finished building: ../freertos/Source/event_groups.c
 
Building file: ../freertos/Source/timers.c
Finished building: ../freertos/Source/list.c
Invoking: Cross ARM C Compiler
arm-none-eabi-gcc -mcpu=cortex-m4 -mthumb -mfloat-abi=hard -mfpu=fpv4-sp-d16 -O0 -fmessage-length=0 -fsigned-char -ffunction-sections -fdata-sections -Wall  -g3 -D"CPU_MK64FN1M0VDC12" -I../CMSIS -I../board -I../drivers -I../freertos/Source/include -I../freertos/Source/portable/GCC/ARM_CM4F -I../source -I../startup -I../utilities -std=gnu99 -MMD -MP -MF"freertos/Source/timers.d" -MT"freertos/Source/timers.o" -c -o "freertos/Source/timers.o" "../freertos/Source/timers.c"
 
Building file: ../drivers/fsl_adc16.c
Invoking: Cross ARM C Compiler
arm-none-eabi-gcc -mcpu=cortex-m4 -mthumb -mfloat-abi=hard -mfpu=fpv4-sp-d16 -O0 -fmessage-length=0 -fsigned-char -ffunction-sections -fdata-sections -Wall  -g3 -D"CPU_MK64FN1M0VDC12" -I../CMSIS -I../board -I../drivers -I../freertos/Source/include -I../freertos/Source/portable/GCC/ARM_CM4F -I../source -I../startup -I../utilities -std=gnu99 -MMD -MP -MF"drivers/fsl_adc16.d" -MT"drivers/fsl_adc16.o" -c -o "drivers/fsl_adc16.o" "../drivers/fsl_adc16.c"
Finished building: ../freertos/Source/queue.c
 
Building file: ../drivers/fsl_clock.c
Invoking: Cross ARM C Compiler
arm-none-eabi-gcc -mcpu=cortex-m4 -mthumb -mfloat-abi=hard -mfpu=fpv4-sp-d16 -O0 -fmessage-length=0 -fsigned-char -ffunction-sections -fdata-sections -Wall  -g3 -D"CPU_MK64FN1M0VDC12" -I../CMSIS -I../board -I../drivers -I../freertos/Source/include -I../freertos/Source/portable/GCC/ARM_CM4F -I../source -I../startup -I../utilities -std=gnu99 -MMD -MP -MF"drivers/fsl_clock.d" -MT"drivers/fsl_clock.o" -c -o "drivers/fsl_clock.o" "../drivers/fsl_clock.c"
Finished building: ../freertos/Source/timers.c
Finished building: ../freertos/Source/tasks.c
 
 
Building file: ../drivers/fsl_cmp.c
Building file: ../drivers/fsl_cmt.c
Invoking: Cross ARM C Compiler
arm-none-eabi-gcc -mcpu=cortex-m4 -mthumb -mfloat-abi=hard -mfpu=fpv4-sp-d16 -O0 -fmessage-length=0 -fsigned-char -ffunction-sections -fdata-sections -Wall  -g3 -D"CPU_MK64FN1M0VDC12" -I../CMSIS -I../board -I../drivers -I../freertos/Source/include -I../freertos/Source/portable/GCC/ARM_CM4F -I../source -I../startup -I../utilities -std=gnu99 -MMD -MP -MF"drivers/fsl_cmp.d" -MT"drivers/fsl_cmp.o" -c -o "drivers/fsl_cmp.o" "../drivers/fsl_cmp.c"
Invoking: Cross ARM C Compiler
arm-none-eabi-gcc -mcpu=cortex-m4 -mthumb -mfloat-abi=hard -mfpu=fpv4-sp-d16 -O0 -fmessage-length=0 -fsigned-char -ffunction-sections -fdata-sections -Wall  -g3 -D"CPU_MK64FN1M0VDC12" -I../CMSIS -I../board -I../drivers -I../freertos/Source/include -I../freertos/Source/portable/GCC/ARM_CM4F -I../source -I../startup -I../utilities -std=gnu99 -MMD -MP -MF"drivers/fsl_cmt.d" -MT"drivers/fsl_cmt.o" -c -o "drivers/fsl_cmt.o" "../drivers/fsl_cmt.c"
Finished building: ../drivers/fsl_adc16.c
 
Building file: ../drivers/fsl_common.c
Invoking: Cross ARM C Compiler
arm-none-eabi-gcc -mcpu=cortex-m4 -mthumb -mfloat-abi=hard -mfpu=fpv4-sp-d16 -O0 -fmessage-length=0 -fsigned-char -ffunction-sections -fdata-sections -Wall  -g3 -D"CPU_MK64FN1M0VDC12" -I../CMSIS -I../board -I../drivers -I../freertos/Source/include -I../freertos/Source/portable/GCC/ARM_CM4F -I../source -I../startup -I../utilities -std=gnu99 -MMD -MP -MF"drivers/fsl_common.d" -MT"drivers/fsl_common.o" -c -o "drivers/fsl_common.o" "../drivers/fsl_common.c"
Finished building: ../drivers/fsl_cmp.c
Finished building: ../drivers/fsl_cmt.c
 
 
Building file: ../drivers/fsl_crc.c
Building file: ../drivers/fsl_dac.c
Invoking: Cross ARM C Compiler
arm-none-eabi-gcc -mcpu=cortex-m4 -mthumb -mfloat-abi=hard -mfpu=fpv4-sp-d16 -O0 -fmessage-length=0 -fsigned-char -ffunction-sections -fdata-sections -Wall  -g3 -D"CPU_MK64FN1M0VDC12" -I../CMSIS -I../board -I../drivers -I../freertos/Source/include -I../freertos/Source/portable/GCC/ARM_CM4F -I../source -I../startup -I../utilities -std=gnu99 -MMD -MP -MF"drivers/fsl_crc.d" -MT"drivers/fsl_crc.o" -c -o "drivers/fsl_crc.o" "../drivers/fsl_crc.c"
Invoking: Cross ARM C Compiler
arm-none-eabi-gcc -mcpu=cortex-m4 -mthumb -mfloat-abi=hard -mfpu=fpv4-sp-d16 -O0 -fmessage-length=0 -fsigned-char -ffunction-sections -fdata-sections -Wall  -g3 -D"CPU_MK64FN1M0VDC12" -I../CMSIS -I../board -I../drivers -I../freertos/Source/include -I../freertos/Source/portable/GCC/ARM_CM4F -I../source -I../startup -I../utilities -std=gnu99 -MMD -MP -MF"drivers/fsl_dac.d" -MT"drivers/fsl_dac.o" -c -o "drivers/fsl_dac.o" "../drivers/fsl_dac.c"
Finished building: ../drivers/fsl_clock.c
 
Building file: ../drivers/fsl_dmamux.c
Invoking: Cross ARM C Compiler
arm-none-eabi-gcc -mcpu=cortex-m4 -mthumb -mfloat-abi=hard -mfpu=fpv4-sp-d16 -O0 -fmessage-length=0 -fsigned-char -ffunction-sections -fdata-sections -Wall  -g3 -D"CPU_MK64FN1M0VDC12" -I../CMSIS -I../board -I../drivers -I../freertos/Source/include -I../freertos/Source/portable/GCC/ARM_CM4F -I../source -I../startup -I../utilities -std=gnu99 -MMD -MP -MF"drivers/fsl_dmamux.d" -MT"drivers/fsl_dmamux.o" -c -o "drivers/fsl_dmamux.o" "../drivers/fsl_dmamux.c"
Finished building: ../drivers/fsl_common.c
Finished building: ../drivers/fsl_crc.c
Finished building: ../drivers/fsl_dac.c
 
 
 
Building file: ../drivers/fsl_dspi.c
Building file: ../drivers/fsl_dspi_edma.c
Invoking: Cross ARM C Compiler
Building file: ../drivers/fsl_dspi_freertos.c
arm-none-eabi-gcc -mcpu=cortex-m4 -mthumb -mfloat-abi=hard -mfpu=fpv4-sp-d16 -O0 -fmessage-length=0 -fsigned-char -ffunction-sections -fdata-sections -Wall  -g3 -D"CPU_MK64FN1M0VDC12" -I../CMSIS -I../board -I../drivers -I../freertos/Source/include -I../freertos/Source/portable/GCC/ARM_CM4F -I../source -I../startup -I../utilities -std=gnu99 -MMD -MP -MF"drivers/fsl_dspi.d" -MT"drivers/fsl_dspi.o" -c -o "drivers/fsl_dspi.o" "../drivers/fsl_dspi.c"
Invoking: Cross ARM C Compiler
arm-none-eabi-gcc -mcpu=cortex-m4 -mthumb -mfloat-abi=hard -mfpu=fpv4-sp-d16 -O0 -fmessage-length=0 -fsigned-char -ffunction-sections -fdata-sections -Wall  -g3 -D"CPU_MK64FN1M0VDC12" -I../CMSIS -I../board -I../drivers -I../freertos/Source/include -I../freertos/Source/portable/GCC/ARM_CM4F -I../source -I../startup -I../utilities -std=gnu99 -MMD -MP -MF"drivers/fsl_dspi_edma.d" -MT"drivers/fsl_dspi_edma.o" -c -o "drivers/fsl_dspi_edma.o" "../drivers/fsl_dspi_edma.c"
Invoking: Cross ARM C Compiler
arm-none-eabi-gcc -mcpu=cortex-m4 -mthumb -mfloat-abi=hard -mfpu=fpv4-sp-d16 -O0 -fmessage-length=0 -fsigned-char -ffunction-sections -fdata-sections -Wall  -g3 -D"CPU_MK64FN1M0VDC12" -I../CMSIS -I../board -I../drivers -I../freertos/Source/include -I../freertos/Source/portable/GCC/ARM_CM4F -I../source -I../startup -I../utilities -std=gnu99 -MMD -MP -MF"drivers/fsl_dspi_freertos.d" -MT"drivers/fsl_dspi_freertos.o" -c -o "drivers/fsl_dspi_freertos.o" "../drivers/fsl_dspi_freertos.c"
Finished building: ../drivers/fsl_dmamux.c
 
Building file: ../drivers/fsl_edma.c
Invoking: Cross ARM C Compiler
arm-none-eabi-gcc -mcpu=cortex-m4 -mthumb -mfloat-abi=hard -mfpu=fpv4-sp-d16 -O0 -fmessage-length=0 -fsigned-char -ffunction-sections -fdata-sections -Wall  -g3 -D"CPU_MK64FN1M0VDC12" -I../CMSIS -I../board -I../drivers -I../freertos/Source/include -I../freertos/Source/portable/GCC/ARM_CM4F -I../source -I../startup -I../utilities -std=gnu99 -MMD -MP -MF"drivers/fsl_edma.d" -MT"drivers/fsl_edma.o" -c -o "drivers/fsl_edma.o" "../drivers/fsl_edma.c"
Finished building: ../drivers/fsl_dspi_freertos.c
 
Building file: ../drivers/fsl_enet.c
Finished building: ../drivers/fsl_dspi_edma.c
Invoking: Cross ARM C Compiler
arm-none-eabi-gcc -mcpu=cortex-m4 -mthumb -mfloat-abi=hard -mfpu=fpv4-sp-d16 -O0 -fmessage-length=0 -fsigned-char -ffunction-sections -fdata-sections -Wall  -g3 -D"CPU_MK64FN1M0VDC12" -I../CMSIS -I../board -I../drivers -I../freertos/Source/include -I../freertos/Source/portable/GCC/ARM_CM4F -I../source -I../startup -I../utilities -std=gnu99 -MMD -MP -MF"drivers/fsl_enet.d" -MT"drivers/fsl_enet.o" -c -o "drivers/fsl_enet.o" "../drivers/fsl_enet.c"
 
Building file: ../drivers/fsl_ewm.c
Invoking: Cross ARM C Compiler
arm-none-eabi-gcc -mcpu=cortex-m4 -mthumb -mfloat-abi=hard -mfpu=fpv4-sp-d16 -O0 -fmessage-length=0 -fsigned-char -ffunction-sections -fdata-sections -Wall  -g3 -D"CPU_MK64FN1M0VDC12" -I../CMSIS -I../board -I../drivers -I../freertos/Source/include -I../freertos/Source/portable/GCC/ARM_CM4F -I../source -I../startup -I../utilities -std=gnu99 -MMD -MP -MF"drivers/fsl_ewm.d" -MT"drivers/fsl_ewm.o" -c -o "drivers/fsl_ewm.o" "../drivers/fsl_ewm.c"
Finished building: ../drivers/fsl_dspi.c
 
Building file: ../drivers/fsl_flash.c
Invoking: Cross ARM C Compiler
arm-none-eabi-gcc -mcpu=cortex-m4 -mthumb -mfloat-abi=hard -mfpu=fpv4-sp-d16 -O0 -fmessage-length=0 -fsigned-char -ffunction-sections -fdata-sections -Wall  -g3 -D"CPU_MK64FN1M0VDC12" -I../CMSIS -I../board -I../drivers -I../freertos/Source/include -I../freertos/Source/portable/GCC/ARM_CM4F -I../source -I../startup -I../utilities -std=gnu99 -MMD -MP -MF"drivers/fsl_flash.d" -MT"drivers/fsl_flash.o" -c -o "drivers/fsl_flash.o" "../drivers/fsl_flash.c"
Finished building: ../drivers/fsl_edma.c
 
Building file: ../drivers/fsl_flexbus.c
Invoking: Cross ARM C Compiler
arm-none-eabi-gcc -mcpu=cortex-m4 -mthumb -mfloat-abi=hard -mfpu=fpv4-sp-d16 -O0 -fmessage-length=0 -fsigned-char -ffunction-sections -fdata-sections -Wall  -g3 -D"CPU_MK64FN1M0VDC12" -I../CMSIS -I../board -I../drivers -I../freertos/Source/include -I../freertos/Source/portable/GCC/ARM_CM4F -I../source -I../startup -I../utilities -std=gnu99 -MMD -MP -MF"drivers/fsl_flexbus.d" -MT"drivers/fsl_flexbus.o" -c -o "drivers/fsl_flexbus.o" "../drivers/fsl_flexbus.c"
Finished building: ../drivers/fsl_ewm.c
Finished building: ../drivers/fsl_enet.c
 
 
Building file: ../drivers/fsl_flexcan.c
Building file: ../drivers/fsl_ftm.c
Invoking: Cross ARM C Compiler
arm-none-eabi-gcc -mcpu=cortex-m4 -mthumb -mfloat-abi=hard -mfpu=fpv4-sp-d16 -O0 -fmessage-length=0 -fsigned-char -ffunction-sections -fdata-sections -Wall  -g3 -D"CPU_MK64FN1M0VDC12" -I../CMSIS -I../board -I../drivers -I../freertos/Source/include -I../freertos/Source/portable/GCC/ARM_CM4F -I../source -I../startup -I../utilities -std=gnu99 -MMD -MP -MF"drivers/fsl_flexcan.d" -MT"drivers/fsl_flexcan.o" -c -o "drivers/fsl_flexcan.o" "../drivers/fsl_flexcan.c"
Invoking: Cross ARM C Compiler
arm-none-eabi-gcc -mcpu=cortex-m4 -mthumb -mfloat-abi=hard -mfpu=fpv4-sp-d16 -O0 -fmessage-length=0 -fsigned-char -ffunction-sections -fdata-sections -Wall  -g3 -D"CPU_MK64FN1M0VDC12" -I../CMSIS -I../board -I../drivers -I../freertos/Source/include -I../freertos/Source/portable/GCC/ARM_CM4F -I../source -I../startup -I../utilities -std=gnu99 -MMD -MP -MF"drivers/fsl_ftm.d" -MT"drivers/fsl_ftm.o" -c -o "drivers/fsl_ftm.o" "../drivers/fsl_ftm.c"
Finished building: ../drivers/fsl_flash.c
 
Building file: ../drivers/fsl_gpio.c
Invoking: Cross ARM C Compiler
arm-none-eabi-gcc -mcpu=cortex-m4 -mthumb -mfloat-abi=hard -mfpu=fpv4-sp-d16 -O0 -fmessage-length=0 -fsigned-char -ffunction-sections -fdata-sections -Wall  -g3 -D"CPU_MK64FN1M0VDC12" -I../CMSIS -I../board -I../drivers -I../freertos/Source/include -I../freertos/Source/portable/GCC/ARM_CM4F -I../source -I../startup -I../utilities -std=gnu99 -MMD -MP -MF"drivers/fsl_gpio.d" -MT"drivers/fsl_gpio.o" -c -o "drivers/fsl_gpio.o" "../drivers/fsl_gpio.c"
Finished building: ../drivers/fsl_flexbus.c
 
Building file: ../drivers/fsl_i2c.c
Invoking: Cross ARM C Compiler
arm-none-eabi-gcc -mcpu=cortex-m4 -mthumb -mfloat-abi=hard -mfpu=fpv4-sp-d16 -O0 -fmessage-length=0 -fsigned-char -ffunction-sections -fdata-sections -Wall  -g3 -D"CPU_MK64FN1M0VDC12" -I../CMSIS -I../board -I../drivers -I../freertos/Source/include -I../freertos/Source/portable/GCC/ARM_CM4F -I../source -I../startup -I../utilities -std=gnu99 -MMD -MP -MF"drivers/fsl_i2c.d" -MT"drivers/fsl_i2c.o" -c -o "drivers/fsl_i2c.o" "../drivers/fsl_i2c.c"
Finished building: ../drivers/fsl_ftm.c
 
Building file: ../drivers/fsl_i2c_edma.c
Invoking: Cross ARM C Compiler
arm-none-eabi-gcc -mcpu=cortex-m4 -mthumb -mfloat-abi=hard -mfpu=fpv4-sp-d16 -O0 -fmessage-length=0 -fsigned-char -ffunction-sections -fdata-sections -Wall  -g3 -D"CPU_MK64FN1M0VDC12" -I../CMSIS -I../board -I../drivers -I../freertos/Source/include -I../freertos/Source/portable/GCC/ARM_CM4F -I../source -I../startup -I../utilities -std=gnu99 -MMD -MP -MF"drivers/fsl_i2c_edma.d" -MT"drivers/fsl_i2c_edma.o" -c -o "drivers/fsl_i2c_edma.o" "../drivers/fsl_i2c_edma.c"
Finished building: ../drivers/fsl_flexcan.c
 
Building file: ../drivers/fsl_i2c_freertos.c
Invoking: Cross ARM C Compiler
arm-none-eabi-gcc -mcpu=cortex-m4 -mthumb -mfloat-abi=hard -mfpu=fpv4-sp-d16 -O0 -fmessage-length=0 -fsigned-char -ffunction-sections -fdata-sections -Wall  -g3 -D"CPU_MK64FN1M0VDC12" -I../CMSIS -I../board -I../drivers -I../freertos/Source/include -I../freertos/Source/portable/GCC/ARM_CM4F -I../source -I../startup -I../utilities -std=gnu99 -MMD -MP -MF"drivers/fsl_i2c_freertos.d" -MT"drivers/fsl_i2c_freertos.o" -c -o "drivers/fsl_i2c_freertos.o" "../drivers/fsl_i2c_freertos.c"
Finished building: ../drivers/fsl_gpio.c
 
Building file: ../drivers/fsl_llwu.c
Invoking: Cross ARM C Compiler
arm-none-eabi-gcc -mcpu=cortex-m4 -mthumb -mfloat-abi=hard -mfpu=fpv4-sp-d16 -O0 -fmessage-length=0 -fsigned-char -ffunction-sections -fdata-sections -Wall  -g3 -D"CPU_MK64FN1M0VDC12" -I../CMSIS -I../board -I../drivers -I../freertos/Source/include -I../freertos/Source/portable/GCC/ARM_CM4F -I../source -I../startup -I../utilities -std=gnu99 -MMD -MP -MF"drivers/fsl_llwu.d" -MT"drivers/fsl_llwu.o" -c -o "drivers/fsl_llwu.o" "../drivers/fsl_llwu.c"
Finished building: ../drivers/fsl_i2c.c
 
Building file: ../drivers/fsl_lptmr.c
Invoking: Cross ARM C Compiler
arm-none-eabi-gcc -mcpu=cortex-m4 -mthumb -mfloat-abi=hard -mfpu=fpv4-sp-d16 -O0 -fmessage-length=0 -fsigned-char -ffunction-sections -fdata-sections -Wall  -g3 -D"CPU_MK64FN1M0VDC12" -I../CMSIS -I../board -I../drivers -I../freertos/Source/include -I../freertos/Source/portable/GCC/ARM_CM4F -I../source -I../startup -I../utilities -std=gnu99 -MMD -MP -MF"drivers/fsl_lptmr.d" -MT"drivers/fsl_lptmr.o" -c -o "drivers/fsl_lptmr.o" "../drivers/fsl_lptmr.c"
Finished building: ../drivers/fsl_i2c_edma.c
 
Building file: ../drivers/fsl_mpu.c
Finished building: ../drivers/fsl_i2c_freertos.c
Invoking: Cross ARM C Compiler
arm-none-eabi-gcc -mcpu=cortex-m4 -mthumb -mfloat-abi=hard -mfpu=fpv4-sp-d16 -O0 -fmessage-length=0 -fsigned-char -ffunction-sections -fdata-sections -Wall  -g3 -D"CPU_MK64FN1M0VDC12" -I../CMSIS -I../board -I../drivers -I../freertos/Source/include -I../freertos/Source/portable/GCC/ARM_CM4F -I../source -I../startup -I../utilities -std=gnu99 -MMD -MP -MF"drivers/fsl_mpu.d" -MT"drivers/fsl_mpu.o" -c -o "drivers/fsl_mpu.o" "../drivers/fsl_mpu.c"
 
Building file: ../drivers/fsl_pdb.c
Invoking: Cross ARM C Compiler
arm-none-eabi-gcc -mcpu=cortex-m4 -mthumb -mfloat-abi=hard -mfpu=fpv4-sp-d16 -O0 -fmessage-length=0 -fsigned-char -ffunction-sections -fdata-sections -Wall  -g3 -D"CPU_MK64FN1M0VDC12" -I../CMSIS -I../board -I../drivers -I../freertos/Source/include -I../freertos/Source/portable/GCC/ARM_CM4F -I../source -I../startup -I../utilities -std=gnu99 -MMD -MP -MF"drivers/fsl_pdb.d" -MT"drivers/fsl_pdb.o" -c -o "drivers/fsl_pdb.o" "../drivers/fsl_pdb.c"
Finished building: ../drivers/fsl_llwu.c
 
Building file: ../drivers/fsl_pit.c
Invoking: Cross ARM C Compiler
arm-none-eabi-gcc -mcpu=cortex-m4 -mthumb -mfloat-abi=hard -mfpu=fpv4-sp-d16 -O0 -fmessage-length=0 -fsigned-char -ffunction-sections -fdata-sections -Wall  -g3 -D"CPU_MK64FN1M0VDC12" -I../CMSIS -I../board -I../drivers -I../freertos/Source/include -I../freertos/Source/portable/GCC/ARM_CM4F -I../source -I../startup -I../utilities -std=gnu99 -MMD -MP -MF"drivers/fsl_pit.d" -MT"drivers/fsl_pit.o" -c -o "drivers/fsl_pit.o" "../drivers/fsl_pit.c"
Finished building: ../drivers/fsl_lptmr.c
 
Building file: ../drivers/fsl_pmc.c
Invoking: Cross ARM C Compiler
arm-none-eabi-gcc -mcpu=cortex-m4 -mthumb -mfloat-abi=hard -mfpu=fpv4-sp-d16 -O0 -fmessage-length=0 -fsigned-char -ffunction-sections -fdata-sections -Wall  -g3 -D"CPU_MK64FN1M0VDC12" -I../CMSIS -I../board -I../drivers -I../freertos/Source/include -I../freertos/Source/portable/GCC/ARM_CM4F -I../source -I../startup -I../utilities -std=gnu99 -MMD -MP -MF"drivers/fsl_pmc.d" -MT"drivers/fsl_pmc.o" -c -o "drivers/fsl_pmc.o" "../drivers/fsl_pmc.c"
Finished building: ../drivers/fsl_mpu.c
 
Building file: ../drivers/fsl_rcm.c
Invoking: Cross ARM C Compiler
arm-none-eabi-gcc -mcpu=cortex-m4 -mthumb -mfloat-abi=hard -mfpu=fpv4-sp-d16 -O0 -fmessage-length=0 -fsigned-char -ffunction-sections -fdata-sections -Wall  -g3 -D"CPU_MK64FN1M0VDC12" -I../CMSIS -I../board -I../drivers -I../freertos/Source/include -I../freertos/Source/portable/GCC/ARM_CM4F -I../source -I../startup -I../utilities -std=gnu99 -MMD -MP -MF"drivers/fsl_rcm.d" -MT"drivers/fsl_rcm.o" -c -o "drivers/fsl_rcm.o" "../drivers/fsl_rcm.c"
Finished building: ../drivers/fsl_pdb.c
 
Building file: ../drivers/fsl_rnga.c
Invoking: Cross ARM C Compiler
arm-none-eabi-gcc -mcpu=cortex-m4 -mthumb -mfloat-abi=hard -mfpu=fpv4-sp-d16 -O0 -fmessage-length=0 -fsigned-char -ffunction-sections -fdata-sections -Wall  -g3 -D"CPU_MK64FN1M0VDC12" -I../CMSIS -I../board -I../drivers -I../freertos/Source/include -I../freertos/Source/portable/GCC/ARM_CM4F -I../source -I../startup -I../utilities -std=gnu99 -MMD -MP -MF"drivers/fsl_rnga.d" -MT"drivers/fsl_rnga.o" -c -o "drivers/fsl_rnga.o" "../drivers/fsl_rnga.c"
Finished building: ../drivers/fsl_pit.c
 
Building file: ../drivers/fsl_rtc.c
Invoking: Cross ARM C Compiler
arm-none-eabi-gcc -mcpu=cortex-m4 -mthumb -mfloat-abi=hard -mfpu=fpv4-sp-d16 -O0 -fmessage-length=0 -fsigned-char -ffunction-sections -fdata-sections -Wall  -g3 -D"CPU_MK64FN1M0VDC12" -I../CMSIS -I../board -I../drivers -I../freertos/Source/include -I../freertos/Source/portable/GCC/ARM_CM4F -I../source -I../startup -I../utilities -std=gnu99 -MMD -MP -MF"drivers/fsl_rtc.d" -MT"drivers/fsl_rtc.o" -c -o "drivers/fsl_rtc.o" "../drivers/fsl_rtc.c"
Finished building: ../drivers/fsl_pmc.c
 
Building file: ../drivers/fsl_sai.c
Invoking: Cross ARM C Compiler
arm-none-eabi-gcc -mcpu=cortex-m4 -mthumb -mfloat-abi=hard -mfpu=fpv4-sp-d16 -O0 -fmessage-length=0 -fsigned-char -ffunction-sections -fdata-sections -Wall  -g3 -D"CPU_MK64FN1M0VDC12" -I../CMSIS -I../board -I../drivers -I../freertos/Source/include -I../freertos/Source/portable/GCC/ARM_CM4F -I../source -I../startup -I../utilities -std=gnu99 -MMD -MP -MF"drivers/fsl_sai.d" -MT"drivers/fsl_sai.o" -c -o "drivers/fsl_sai.o" "../drivers/fsl_sai.c"
Finished building: ../drivers/fsl_rcm.c
 
Building file: ../drivers/fsl_sai_edma.c
Invoking: Cross ARM C Compiler
arm-none-eabi-gcc -mcpu=cortex-m4 -mthumb -mfloat-abi=hard -mfpu=fpv4-sp-d16 -O0 -fmessage-length=0 -fsigned-char -ffunction-sections -fdata-sections -Wall  -g3 -D"CPU_MK64FN1M0VDC12" -I../CMSIS -I../board -I../drivers -I../freertos/Source/include -I../freertos/Source/portable/GCC/ARM_CM4F -I../source -I../startup -I../utilities -std=gnu99 -MMD -MP -MF"drivers/fsl_sai_edma.d" -MT"drivers/fsl_sai_edma.o" -c -o "drivers/fsl_sai_edma.o" "../drivers/fsl_sai_edma.c"
Finished building: ../drivers/fsl_rnga.c
 
Building file: ../drivers/fsl_sdhc.c
Invoking: Cross ARM C Compiler
arm-none-eabi-gcc -mcpu=cortex-m4 -mthumb -mfloat-abi=hard -mfpu=fpv4-sp-d16 -O0 -fmessage-length=0 -fsigned-char -ffunction-sections -fdata-sections -Wall  -g3 -D"CPU_MK64FN1M0VDC12" -I../CMSIS -I../board -I../drivers -I../freertos/Source/include -I../freertos/Source/portable/GCC/ARM_CM4F -I../source -I../startup -I../utilities -std=gnu99 -MMD -MP -MF"drivers/fsl_sdhc.d" -MT"drivers/fsl_sdhc.o" -c -o "drivers/fsl_sdhc.o" "../drivers/fsl_sdhc.c"
Finished building: ../drivers/fsl_rtc.c
 
Building file: ../drivers/fsl_sim.c
Invoking: Cross ARM C Compiler
arm-none-eabi-gcc -mcpu=cortex-m4 -mthumb -mfloat-abi=hard -mfpu=fpv4-sp-d16 -O0 -fmessage-length=0 -fsigned-char -ffunction-sections -fdata-sections -Wall  -g3 -D"CPU_MK64FN1M0VDC12" -I../CMSIS -I../board -I../drivers -I../freertos/Source/include -I../freertos/Source/portable/GCC/ARM_CM4F -I../source -I../startup -I../utilities -std=gnu99 -MMD -MP -MF"drivers/fsl_sim.d" -MT"drivers/fsl_sim.o" -c -o "drivers/fsl_sim.o" "../drivers/fsl_sim.c"
Finished building: ../drivers/fsl_sai_edma.c
 
Building file: ../drivers/fsl_smc.c
Invoking: Cross ARM C Compiler
arm-none-eabi-gcc -mcpu=cortex-m4 -mthumb -mfloat-abi=hard -mfpu=fpv4-sp-d16 -O0 -fmessage-length=0 -fsigned-char -ffunction-sections -fdata-sections -Wall  -g3 -D"CPU_MK64FN1M0VDC12" -I../CMSIS -I../board -I../drivers -I../freertos/Source/include -I../freertos/Source/portable/GCC/ARM_CM4F -I../source -I../startup -I../utilities -std=gnu99 -MMD -MP -MF"drivers/fsl_smc.d" -MT"drivers/fsl_smc.o" -c -o "drivers/fsl_smc.o" "../drivers/fsl_smc.c"
Finished building: ../drivers/fsl_sai.c
 
Building file: ../drivers/fsl_uart.c
Invoking: Cross ARM C Compiler
arm-none-eabi-gcc -mcpu=cortex-m4 -mthumb -mfloat-abi=hard -mfpu=fpv4-sp-d16 -O0 -fmessage-length=0 -fsigned-char -ffunction-sections -fdata-sections -Wall  -g3 -D"CPU_MK64FN1M0VDC12" -I../CMSIS -I../board -I../drivers -I../freertos/Source/include -I../freertos/Source/portable/GCC/ARM_CM4F -I../source -I../startup -I../utilities -std=gnu99 -MMD -MP -MF"drivers/fsl_uart.d" -MT"drivers/fsl_uart.o" -c -o "drivers/fsl_uart.o" "../drivers/fsl_uart.c"
Finished building: ../drivers/fsl_sdhc.c
 
Building file: ../drivers/fsl_uart_edma.c
Invoking: Cross ARM C Compiler
arm-none-eabi-gcc -mcpu=cortex-m4 -mthumb -mfloat-abi=hard -mfpu=fpv4-sp-d16 -O0 -fmessage-length=0 -fsigned-char -ffunction-sections -fdata-sections -Wall  -g3 -D"CPU_MK64FN1M0VDC12" -I../CMSIS -I../board -I../drivers -I../freertos/Source/include -I../freertos/Source/portable/GCC/ARM_CM4F -I../source -I../startup -I../utilities -std=gnu99 -MMD -MP -MF"drivers/fsl_uart_edma.d" -MT"drivers/fsl_uart_edma.o" -c -o "drivers/fsl_uart_edma.o" "../drivers/fsl_uart_edma.c"
Finished building: ../drivers/fsl_sim.c
 
Building file: ../drivers/fsl_uart_freertos.c
Invoking: Cross ARM C Compiler
arm-none-eabi-gcc -mcpu=cortex-m4 -mthumb -mfloat-abi=hard -mfpu=fpv4-sp-d16 -O0 -fmessage-length=0 -fsigned-char -ffunction-sections -fdata-sections -Wall  -g3 -D"CPU_MK64FN1M0VDC12" -I../CMSIS -I../board -I../drivers -I../freertos/Source/include -I../freertos/Source/portable/GCC/ARM_CM4F -I../source -I../startup -I../utilities -std=gnu99 -MMD -MP -MF"drivers/fsl_uart_freertos.d" -MT"drivers/fsl_uart_freertos.o" -c -o "drivers/fsl_uart_freertos.o" "../drivers/fsl_uart_freertos.c"
Finished building: ../drivers/fsl_smc.c
 
Finished building: ../drivers/fsl_uart.c
Building file: ../drivers/fsl_vref.c
 
Invoking: Cross ARM C Compiler
Building file: ../drivers/fsl_wdog.c
arm-none-eabi-gcc -mcpu=cortex-m4 -mthumb -mfloat-abi=hard -mfpu=fpv4-sp-d16 -O0 -fmessage-length=0 -fsigned-char -ffunction-sections -fdata-sections -Wall  -g3 -D"CPU_MK64FN1M0VDC12" -I../CMSIS -I../board -I../drivers -I../freertos/Source/include -I../freertos/Source/portable/GCC/ARM_CM4F -I../source -I../startup -I../utilities -std=gnu99 -MMD -MP -MF"drivers/fsl_vref.d" -MT"drivers/fsl_vref.o" -c -o "drivers/fsl_vref.o" "../drivers/fsl_vref.c"
Invoking: Cross ARM C Compiler
arm-none-eabi-gcc -mcpu=cortex-m4 -mthumb -mfloat-abi=hard -mfpu=fpv4-sp-d16 -O0 -fmessage-length=0 -fsigned-char -ffunction-sections -fdata-sections -Wall  -g3 -D"CPU_MK64FN1M0VDC12" -I../CMSIS -I../board -I../drivers -I../freertos/Source/include -I../freertos/Source/portable/GCC/ARM_CM4F -I../source -I../startup -I../utilities -std=gnu99 -MMD -MP -MF"drivers/fsl_wdog.d" -MT"drivers/fsl_wdog.o" -c -o "drivers/fsl_wdog.o" "../drivers/fsl_wdog.c"
Finished building: ../drivers/fsl_uart_edma.c
 
Building file: ../board/board.c
Invoking: Cross ARM C Compiler
arm-none-eabi-gcc -mcpu=cortex-m4 -mthumb -mfloat-abi=hard -mfpu=fpv4-sp-d16 -O0 -fmessage-length=0 -fsigned-char -ffunction-sections -fdata-sections -Wall  -g3 -D"CPU_MK64FN1M0VDC12" -I../CMSIS -I../board -I../drivers -I../freertos/Source/include -I../freertos/Source/portable/GCC/ARM_CM4F -I../source -I../startup -I../utilities -std=gnu99 -MMD -MP -MF"board/board.d" -MT"board/board.o" -c -o "board/board.o" "../board/board.c"
Finished building: ../drivers/fsl_uart_freertos.c
Finished building: ../drivers/fsl_wdog.c
Finished building: ../drivers/fsl_vref.c
 
 
 
Building file: ../board/clock_config.c
Building file: ../board/pin_mux.c
Invoking: Cross ARM C Compiler
arm-none-eabi-gcc -mcpu=cortex-m4 -mthumb -mfloat-abi=hard -mfpu=fpv4-sp-d16 -O0 -fmessage-length=0 -fsigned-char -ffunction-sections -fdata-sections -Wall  -g3 -D"CPU_MK64FN1M0VDC12" -I../CMSIS -I../board -I../drivers -I../freertos/Source/include -I../freertos/Source/portable/GCC/ARM_CM4F -I../source -I../startup -I../utilities -std=gnu99 -MMD -MP -MF"board/clock_config.d" -MT"board/clock_config.o" -c -o "board/clock_config.o" "../board/clock_config.c"
Invoking: Cross ARM C Compiler
arm-none-eabi-gcc -mcpu=cortex-m4 -mthumb -mfloat-abi=hard -mfpu=fpv4-sp-d16 -O0 -fmessage-length=0 -fsigned-char -ffunction-sections -fdata-sections -Wall  -g3 -D"CPU_MK64FN1M0VDC12" -I../CMSIS -I../board -I../drivers -I../freertos/Source/include -I../freertos/Source/portable/GCC/ARM_CM4F -I../source -I../startup -I../utilities -std=gnu99 -MMD -MP -MF"board/pin_mux.d" -MT"board/pin_mux.o" -c -o "board/pin_mux.o" "../board/pin_mux.c"
Finished building: ../board/board.c
 
Finished building: ../board/pin_mux.c
Finished building: ../board/clock_config.c
 
 
Building target: Freerad.elf
Invoking: Cross ARM C++ Linker
arm-none-eabi-g++ -mcpu=cortex-m4 -mthumb -mfloat-abi=hard -mfpu=fpv4-sp-d16 -O0 -fmessage-length=0 -fsigned-char -ffunction-sections -fdata-sections -Wall  -g3 -T "../MK64FN1M0xxx12_flash.ld" -Xlinker --gc-sections -Wl,-Map,"Freerad.map" -specs=nosys.specs -specs=nano.specs -Xlinker -z -Xlinker muldefs -o "Freerad.elf"  ./utilities/fsl_debug_console.o ./utilities/fsl_notifier.o ./utilities/fsl_sbrk.o  ./startup/startup_MK64F12.o ./startup/system_MK64F12.o  ./source/App_CallbackFunctions.o ./source/App_Globals.o ./source/App_Tasks.o ./source/main.o  ./freertos/Source/portable/MemMang/heap_4.o  ./freertos/Source/portable/GCC/ARM_CM4F/port.o  ./freertos/Source/croutine.o ./freertos/Source/event_groups.o ./freertos/Source/list.o ./freertos/Source/queue.o ./freertos/Source/tasks.o ./freertos/Source/timers.o  ./drivers/fsl_adc16.o ./drivers/fsl_clock.o ./drivers/fsl_cmp.o ./drivers/fsl_cmt.o ./drivers/fsl_common.o ./drivers/fsl_crc.o ./drivers/fsl_dac.o ./drivers/fsl_dmamux.o ./drivers/fsl_dspi.o ./drivers/fsl_dspi_edma.o ./drivers/fsl_dspi_freertos.o ./drivers/fsl_edma.o ./drivers/fsl_enet.o ./drivers/fsl_ewm.o ./drivers/fsl_flash.o ./drivers/fsl_flexbus.o ./drivers/fsl_flexcan.o ./drivers/fsl_ftm.o ./drivers/fsl_gpio.o ./drivers/fsl_i2c.o ./drivers/fsl_i2c_edma.o ./drivers/fsl_i2c_freertos.o ./drivers/fsl_llwu.o ./drivers/fsl_lptmr.o ./drivers/fsl_mpu.o ./drivers/fsl_pdb.o ./drivers/fsl_pit.o ./drivers/fsl_pmc.o ./drivers/fsl_rcm.o ./drivers/fsl_rnga.o ./drivers/fsl_rtc.o ./drivers/fsl_sai.o ./drivers/fsl_sai_edma.o ./drivers/fsl_sdhc.o ./drivers/fsl_sim.o ./drivers/fsl_smc.o ./drivers/fsl_uart.o ./drivers/fsl_uart_edma.o ./drivers/fsl_uart_freertos.o ./drivers/fsl_vref.o ./drivers/fsl_wdog.o  ./board/board.o ./board/clock_config.o ./board/pin_mux.o   
Finished building target: Freerad.elf
 
Invoking: Cross ARM GNU Create Flash Image
arm-none-eabi-objcopy -O ihex "Freerad.elf"  "Freerad.hex"
Invoking: Cross ARM GNU Print Size
arm-none-eabi-size --format=berkeley "Freerad.elf"
   text	   data	    bss	    dec	    hex	filename
  54792	    140	  21456	  76388	  12a64	Freerad.elf
Finished building: Freerad.siz
Finished building: Freerad.hex
 
 
